src/pages/customer/ExpertApplicationPage.tsx(38,24): error TS2339: Property 'success' does not exist on type 'AxiosResponse<ApiResponse<{ application: any; }>, any, {}>'.
src/pages/customer/ExpertApplicationPage.tsx(39,44): error TS2339: Property 'application' does not exist on type 'ApiResponse<{ application: any; }>'.
src/pages/customer/ExpertApplicationPage.tsx(41,40): error TS2339: Property 'application' does not exist on type 'ApiResponse<{ application: any; }>'.
src/pages/customer/ExpertApplicationPage.tsx(42,38): error TS2339: Property 'application' does not exist on type 'ApiResponse<{ application: any; }>'.
src/pages/customer/ExpertApplicationPage.tsx(43,42): error TS2339: Property 'application' does not exist on type 'ApiResponse<{ application: any; }>'.
src/pages/customer/ExpertApplicationPage.tsx(47,25): error TS2339: Property 'success' does not exist on type 'AxiosResponse<ApiResponse<{ documents: any[]; count: number; }>, any, {}>'.
src/pages/customer/ExpertApplicationPage.tsx(48,43): error TS2339: Property 'documents' does not exist on type 'ApiResponse<{ documents: any[]; count: number; }>'.
src/pages/customer/ExpertApplicationPage.tsx(63,21): error TS2339: Property 'success' does not exist on type 'AxiosResponse<ApiResponse<any>, any, {}>'.
src/pages/customer/ExpertApplicationPage.tsx(288,80): error TS2554: Expected 0 arguments, but got 1.
src/pages/customer/ExpertApplicationPage.tsx(289,37): error TS2339: Property 'success' does not exist on type 'AxiosResponse<ApiResponse<any>, any, {}>'.
